[apps/index.html]
[apps/xmlrpc.php]
[backblue.gif]
[fade.gif]
[index.html]
[apps/wp-includes/css/dist/block-library/style.minc8d8.css]
[apps/comments/feed/index.html]
[apps/wp-content/themes/clean-grid/style.css]
[apps/wp-content/themes/clean-grid/assets/css/font-awesome.min.css]
[apps/feed/index.html]
[apps/wp-includes/js/plupload/moxie.mine34c.js]
[apps/wp-includes/js/plupload/plupload.min6c17.js]
[apps/wp-content/plugins/thrive-visual-editor/editor/css/thrive_flata19e.css]
[apps/wp-includes/js/jquery/jquery.minaf6c.js]
[apps/wp-includes/js/jquery/jquery-migrate.mind617.js]
[apps/xmlrpc0db0.php]
[apps/wp-includes/wlwmanifest.xml]
[apps/wp-json/index.html]
[apps/wp-content/themes/clean-grid/assets/images/background.png]
[apps/wp-content/uploads/2021/10/fort-nite-480x350.png]
[apps/wp-content/uploads/2021/10/google-480x350.png]
[apps/privacy/index.html]
[apps/wp-content/uploads/2021/10/Google-1-480x350.png]
[apps/contact/index.html]
[apps/free-google-play-gift-card/index.html]
[apps/fortnite/index.html]
[apps/wp-content/uploads/2021/10/paypal-gift-paypal-480x350.png]
[apps/league-of-legends/index.html]
[apps/wp-content/uploads/2021/09/Untitled-1-1-480x350.png]
[apps/how-to-get-free-paypal-money/index.html]
[apps/free-amazon-gift-card/index.html]
[apps/wp-content/uploads/2021/09/750-cash-appsss.png]
[apps/cash-app/index.html]
[apps/wp-content/uploads/2021/10/XBOX-Gift-Card-480x350.png]
[apps/how-to-get-free-xbox-gift-cards/index.html]
[apps/wp-content/uploads/2021/10/ebay-gift-card-code-480x350.png]
[apps/how-to-get-free-ebay-gift-card-codes/index.html]
[apps/wp-content/uploads/2021/10/itunes-gift-card-480x350.png]
[apps/wp-content/uploads/2021/10/Spotify-Gift-Card-480x350.png]
[apps/free-itunes-gift-card/index.html]
[apps/wp-content/uploads/2021/04/Steam-Gift-Card.jpg]
[apps/wp-content/uploads/2021/10/nike-gift-cards-480x350.png]
[apps/spotify-gift-card/index.html]
[apps/free-steam-gift-card/index.html]
[apps/wp-content/uploads/2021/10/uber-eats-gift-card-480x350.png]
[apps/free-nike-gift-card/index.html]
[apps/wp-content/uploads/2021/10/paysafe-gift-card-480x350.png]
[apps/free-uber-gift-cards/index.html]
[apps/paysafe-gift-card/index.html]
[apps/wp-content/uploads/2021/04/play-station-gift-card.jpg]
[apps/wp-content/uploads/2021/10/roblox-gift-cards-480x350.png]
[apps/free-play-station-gift-card/index.html]
[apps/wp-content/uploads/2021/10/netflix-gift-card-480x350.png]
[apps/roblox-gift-cards/index.html]
[apps/netflix-gift-card/index.html]
[apps/free-mcdonalds-gift-card/index.html]
[apps/wp-content/uploads/2021/10/mcdonalds-gift-card-480x350.png]
[apps/wp-content/uploads/2021/10/worlmat-gift-card-480x350.jpg]
[apps/walmart-gift-card/index.html]
[apps/wp-content/uploads/2021/04/nintendo-eshop-codes.jpg]
[apps/free-nintendo-eshop-codes/index.html]
[apps/wp-includes/js/imagesloaded.mineda1.js]
[apps/wp-includes/js/masonry.min3a05.js]
[apps/wp-includes/js/jquery/jquery.masonry.minef70.js]
[apps/wp-content/themes/clean-grid/assets/js/jquery.fitvids.js]
[apps/wp-content/plugins/thrive-visual-editor/editor/js/dist/frontend.mina19e.js]
[apps/wp-content/themes/clean-grid/assets/js/ResizeSensor.js]
[apps/wp-content/themes/clean-grid/assets/js/theia-sticky-sidebar.js]
[apps/wp-content/themes/clean-grid/assets/js/navigation.js]
[apps/wp-content/themes/clean-grid/assets/js/skip-link-focus-fix.js]
[apps/wp-content/themes/clean-grid/assets/js/custom.js]
[apps/wp-content/plugins/thrive-visual-editor/thrive-dashboard/js/dist/frontend.mina305.js]
[apps/wp-includes/js/wp-embed.minc8d8.js]
[apps/index.html]
[apps/xmlrpc.php]
[apps/wp-includes/css/dist/block-library/style.minc8d8.css]
[apps/wp-content/plugins/thrive-visual-editor/editor/css/images/loader_transparent.gif]
[apps/wp-content/plugins/thrive-visual-editor/editor/css/images/cc_amex.png]
[apps/wp-content/plugins/thrive-visual-editor/editor/css/images/cc_discover.png]
[apps/wp-content/plugins/thrive-visual-editor/editor/css/images/cc_mc.png]
[apps/wp-content/plugins/thrive-visual-editor/editor/css/images/cc_paypal.png]
[apps/wp-content/plugins/thrive-visual-editor/editor/css/images/cc_visa.png]
[apps/wp-content/plugins/thrive-visual-editor/editor/css/images/stars.png]
[apps/wp-content/plugins/thrive-visual-editor/editor/css/images/video_frame_3.png]
[apps/wp-content/plugins/thrive-visual-editor/editor/css/images/video_frame_4.png]
[apps/wp-content/plugins/thrive-visual-editor/editor/css/images/video_frame_6.png]
[apps/wp-content/plugins/thrive-visual-editor/editor/css/images/rv_style_grey_monitor_full.png]
[apps/wp-content/plugins/thrive-visual-editor/editor/css/images/rv_style_black_monitor_full.png]
[apps/wp-content/plugins/thrive-visual-editor/editor/css/images/rv_style_black_tablet_full.png]
[apps/wp-content/plugins/thrive-visual-editor/editor/css/images/rv_style_white_tablet_full.png]
[apps/wp-content/plugins/thrive-visual-editor/editor/css/images/tve_lock.png]
[apps/wp-content/plugins/thrive-visual-editor/editor/css/images/spinner.svg]
[apps/wp-content/plugins/thrive-visual-editor/editor/css/images/thrive-tar.png]
[apps/wp-content/plugins/thrive-visual-editor/editor/css/images/btn_black.png]
[apps/wp-content/plugins/thrive-visual-editor/editor/css/images/btn_blue.png]
[apps/wp-content/plugins/thrive-visual-editor/editor/css/images/btn_green.png]
[apps/wp-content/plugins/thrive-visual-editor/editor/css/images/btn_orange.png]
[apps/wp-content/plugins/thrive-visual-editor/editor/css/images/btn_purple.png]
[apps/wp-content/plugins/thrive-visual-editor/editor/css/images/btn_red.png]
[apps/wp-content/plugins/thrive-visual-editor/editor/css/images/btn_teal.png]
[apps/wp-content/plugins/thrive-visual-editor/editor/css/images/btn_white.png]
[apps/wp-content/plugins/thrive-visual-editor/editor/css/images/btn_small_black.png]
[apps/wp-content/plugins/thrive-visual-editor/editor/css/images/btn_small_blue.png]
[apps/wp-content/plugins/thrive-visual-editor/editor/css/images/btn_small_green.png]
[apps/wp-content/plugins/thrive-visual-editor/editor/css/images/btn_small_orange.png]
[apps/wp-content/plugins/thrive-visual-editor/editor/css/images/btn_small_purple.png]
[apps/wp-content/plugins/thrive-visual-editor/editor/css/images/btn_small_red.png]
[apps/wp-content/plugins/thrive-visual-editor/editor/css/images/btn_small_teal.png]
[apps/wp-content/plugins/thrive-visual-editor/editor/css/images/btn_small_white.png]
[apps/wp-content/plugins/thrive-visual-editor/editor/css/images/btn_big_black.png]
[apps/wp-content/plugins/thrive-visual-editor/editor/css/images/btn_big_blue.png]
[apps/wp-content/plugins/thrive-visual-editor/editor/css/images/btn_big_green.png]
[apps/wp-content/plugins/thrive-visual-editor/editor/css/images/btn_big_orange.png]
[apps/wp-content/plugins/thrive-visual-editor/editor/css/images/btn_big_purple.png]
[apps/wp-content/plugins/thrive-visual-editor/editor/css/images/btn_big_red.png]
[apps/wp-content/plugins/thrive-visual-editor/editor/css/images/btn_big_teal.png]
[apps/wp-content/plugins/thrive-visual-editor/editor/css/images/btn_big_white.png]
[apps/wp-content/plugins/thrive-visual-editor/editor/css/images/btn_huge_black.png]
[apps/wp-content/plugins/thrive-visual-editor/editor/css/images/btn_huge_blue.png]
[apps/wp-content/plugins/thrive-visual-editor/editor/css/images/btn_huge_green.png]
[apps/wp-content/plugins/thrive-visual-editor/editor/css/images/btn_huge_orange.png]
[apps/wp-content/plugins/thrive-visual-editor/editor/css/images/btn_huge_purple.png]
[apps/wp-content/plugins/thrive-visual-editor/editor/css/images/btn_huge_red.png]
[apps/wp-content/plugins/thrive-visual-editor/editor/css/images/btn_huge_teal.png]
[apps/wp-content/plugins/thrive-visual-editor/editor/css/images/btn_huge_white.png]
[apps/wp-content/plugins/thrive-visual-editor/editor/css/images/black_s1_f.png]
[apps/wp-content/plugins/thrive-visual-editor/editor/css/images/black_s3_f.png]
[apps/wp-content/plugins/thrive-visual-editor/editor/css/images/blue_s1_f.png]
[apps/wp-content/plugins/thrive-visual-editor/editor/css/images/blue_s3_f.png]
[apps/wp-content/plugins/thrive-visual-editor/editor/css/images/green_s1_f.png]
[apps/wp-content/plugins/thrive-visual-editor/editor/css/images/green_s3_f.png]
[apps/wp-content/plugins/thrive-visual-editor/editor/css/images/orange_s1_f.png]
[apps/wp-content/plugins/thrive-visual-editor/editor/css/images/orange_s3_f.png]
[apps/wp-content/plugins/thrive-visual-editor/editor/css/images/purple_s1_f.png]
[apps/wp-content/plugins/thrive-visual-editor/editor/css/images/purple_s3_f.png]
[apps/wp-content/plugins/thrive-visual-editor/editor/css/images/red_s1_f.png]
[apps/wp-content/plugins/thrive-visual-editor/editor/css/images/red_s3_f.png]
[apps/wp-content/plugins/thrive-visual-editor/editor/css/images/teal_s1_f.png]
[apps/wp-content/plugins/thrive-visual-editor/editor/css/images/teal_s3_f.png]
[apps/wp-content/plugins/thrive-visual-editor/editor/css/images/white_s1_f.png]
[apps/wp-content/plugins/thrive-visual-editor/editor/css/images/white_s3_f.png]
[apps/wp-content/plugins/thrive-visual-editor/editor/css/images/cta_arrows.png]
[apps/wp-content/plugins/thrive-visual-editor/editor/css/images/cta_arrow_black.png]
[apps/wp-content/plugins/thrive-visual-editor/editor/css/images/cta_arrow_blue.png]
[apps/wp-content/plugins/thrive-visual-editor/editor/css/images/cta_arrow_green.png]
[apps/wp-content/plugins/thrive-visual-editor/editor/css/images/cta_arrow_orange.png]
[apps/wp-content/plugins/thrive-visual-editor/editor/css/images/cta_arrow_purple.png]
[apps/wp-content/plugins/thrive-visual-editor/editor/css/images/cta_arrow_red.png]
[apps/wp-content/plugins/thrive-visual-editor/editor/css/images/cta_arrow_teal.png]
[apps/wp-content/plugins/thrive-visual-editor/editor/css/images/cta_arrow_white.png]
[apps/wp-content/plugins/thrive-visual-editor/editor/css/images/qc_black.png]
[apps/wp-content/plugins/thrive-visual-editor/editor/css/images/qc_r_black.png]
[apps/wp-content/plugins/thrive-visual-editor/editor/css/images/q_r_black.png]
[apps/wp-content/plugins/thrive-visual-editor/editor/css/images/q_l_black.png]
[apps/wp-content/plugins/thrive-visual-editor/editor/css/images/qc_blue.png]
[apps/wp-content/plugins/thrive-visual-editor/editor/css/images/qc_r_blue.png]
[apps/wp-content/plugins/thrive-visual-editor/editor/css/images/q_r_blue.png]
[apps/wp-content/plugins/thrive-visual-editor/editor/css/images/q_l_blue.png]
[apps/wp-content/plugins/thrive-visual-editor/editor/css/images/qc_green.png]
[apps/wp-content/plugins/thrive-visual-editor/editor/css/images/qc_r_green.png]
[apps/wp-content/plugins/thrive-visual-editor/editor/css/images/q_r_green.png]
[apps/wp-content/plugins/thrive-visual-editor/editor/css/images/q_l_green.png]
[apps/wp-content/plugins/thrive-visual-editor/editor/css/images/qc_orange.png]
[apps/wp-content/plugins/thrive-visual-editor/editor/css/images/qc_r_orange.png]
[apps/wp-content/plugins/thrive-visual-editor/editor/css/images/q_r_orange.png]
[apps/wp-content/plugins/thrive-visual-editor/editor/css/images/q_l_orange.png]
[apps/wp-content/plugins/thrive-visual-editor/editor/css/images/qc_purple.png]
[apps/wp-content/plugins/thrive-visual-editor/editor/css/images/qc_r_purple.png]
[apps/wp-content/plugins/thrive-visual-editor/editor/css/images/q_r_purple.png]
[apps/wp-content/plugins/thrive-visual-editor/editor/css/images/q_l_purple.png]
[apps/wp-content/plugins/thrive-visual-editor/editor/css/images/qc_red.png]
[apps/wp-content/plugins/thrive-visual-editor/editor/css/images/qc_r_red.png]
[apps/wp-content/plugins/thrive-visual-editor/editor/css/images/q_r_red.png]
[apps/wp-content/plugins/thrive-visual-editor/editor/css/images/q_l_red.png]
[apps/wp-content/plugins/thrive-visual-editor/editor/css/images/qc_teal.png]
[apps/wp-content/plugins/thrive-visual-editor/editor/css/images/qc_r_teal.png]
[apps/wp-content/plugins/thrive-visual-editor/editor/css/images/q_r_teal.png]
[apps/wp-content/plugins/thrive-visual-editor/editor/css/images/q_l_teal.png]
[apps/wp-content/plugins/thrive-visual-editor/editor/css/images/qc_white.png]
[apps/wp-content/plugins/thrive-visual-editor/editor/css/images/qc_r_white.png]
[apps/wp-content/plugins/thrive-visual-editor/editor/css/images/q_r_white.png]
[apps/wp-content/plugins/thrive-visual-editor/editor/css/images/q_l_white.png]
[apps/wp-content/plugins/thrive-visual-editor/editor/css/images/ul1_f_black.png]
[apps/wp-content/plugins/thrive-visual-editor/editor/css/images/ul2_f_black.png]
[apps/wp-content/plugins/thrive-visual-editor/editor/css/images/ul3_f_black.png]
[apps/wp-content/plugins/thrive-visual-editor/editor/css/images/ul4_f_black.png]
[apps/wp-content/plugins/thrive-visual-editor/editor/css/images/ul5_f_black.png]
[apps/wp-content/plugins/thrive-visual-editor/editor/css/images/ul6_f_black.png]
[apps/wp-content/plugins/thrive-visual-editor/editor/css/images/ul7_f_black.png]
[apps/wp-content/plugins/thrive-visual-editor/editor/css/images/ul1_f_blue.png]
[apps/wp-content/plugins/thrive-visual-editor/editor/css/images/ul2_f_blue.png]
[apps/wp-content/plugins/thrive-visual-editor/editor/css/images/ul3_f_blue.png]
[apps/wp-content/plugins/thrive-visual-editor/editor/css/images/ul4_f_blue.png]
[apps/wp-content/plugins/thrive-visual-editor/editor/css/images/ul5_f_blue.png]
[apps/wp-content/plugins/thrive-visual-editor/editor/css/images/ul6_f_blue.png]
[apps/wp-content/plugins/thrive-visual-editor/editor/css/images/ul7_f_blue.png]
[apps/wp-content/plugins/thrive-visual-editor/editor/css/images/ul1_f_green.png]
[apps/wp-content/plugins/thrive-visual-editor/editor/css/images/ul2_f_green.png]
[apps/wp-content/plugins/thrive-visual-editor/editor/css/images/ul3_f_green.png]
[apps/wp-content/plugins/thrive-visual-editor/editor/css/images/ul4_f_green.png]
[apps/wp-content/plugins/thrive-visual-editor/editor/css/images/ul5_f_green.png]
[apps/wp-content/plugins/thrive-visual-editor/editor/css/images/ul6_f_green.png]
[apps/wp-content/plugins/thrive-visual-editor/editor/css/images/ul7_f_green.png]
[apps/wp-content/plugins/thrive-visual-editor/editor/css/images/ul1_f_orange.png]
[apps/wp-content/plugins/thrive-visual-editor/editor/css/images/ul2_f_orange.png]
[apps/wp-content/plugins/thrive-visual-editor/editor/css/images/ul3_f_orange.png]
[apps/wp-content/plugins/thrive-visual-editor/editor/css/images/ul4_f_orange.png]
[apps/wp-content/plugins/thrive-visual-editor/editor/css/images/ul5_f_orange.png]
[apps/wp-content/plugins/thrive-visual-editor/editor/css/images/ul6_f_orange.png]
[apps/wp-content/plugins/thrive-visual-editor/editor/css/images/ul7_f_orange.png]
[apps/wp-content/plugins/thrive-visual-editor/editor/css/images/ul1_f_purple.png]
[apps/wp-content/plugins/thrive-visual-editor/editor/css/images/ul2_f_purple.png]
[apps/wp-content/plugins/thrive-visual-editor/editor/css/images/ul3_f_purple.png]
[apps/wp-content/plugins/thrive-visual-editor/editor/css/images/ul4_f_purple.png]
[apps/wp-content/plugins/thrive-visual-editor/editor/css/images/ul5_f_purple.png]
[apps/wp-content/plugins/thrive-visual-editor/editor/css/images/ul6_f_purple.png]
[apps/wp-content/plugins/thrive-visual-editor/editor/css/images/ul7_f_purple.png]
[apps/wp-content/plugins/thrive-visual-editor/editor/css/images/ul1_f_red.png]
[apps/wp-content/plugins/thrive-visual-editor/editor/css/images/ul2_f_red.png]
[apps/wp-content/plugins/thrive-visual-editor/editor/css/images/ul3_f_red.png]
[apps/wp-content/plugins/thrive-visual-editor/editor/css/images/ul4_f_red.png]
[apps/wp-content/plugins/thrive-visual-editor/editor/css/images/ul5_f_red.png]
[apps/wp-content/plugins/thrive-visual-editor/editor/css/images/ul6_f_red.png]
[apps/wp-content/plugins/thrive-visual-editor/editor/css/images/ul7_f_red.png]
[apps/wp-content/plugins/thrive-visual-editor/editor/css/images/ul1_f_teal.png]
[apps/wp-content/plugins/thrive-visual-editor/editor/css/images/ul2_f_teal.png]
[apps/wp-content/plugins/thrive-visual-editor/editor/css/images/ul3_f_teal.png]
[apps/wp-content/plugins/thrive-visual-editor/editor/css/images/ul4_f_teal.png]
[apps/wp-content/plugins/thrive-visual-editor/editor/css/images/ul5_f_teal.png]
[apps/wp-content/plugins/thrive-visual-editor/editor/css/images/ul6_f_teal.png]
[apps/wp-content/plugins/thrive-visual-editor/editor/css/images/ul7_f_teal.png]
[apps/wp-content/plugins/thrive-visual-editor/editor/css/images/ul1_f_white.png]
[apps/wp-content/plugins/thrive-visual-editor/editor/css/images/ul2_f_white.png]
[apps/wp-content/plugins/thrive-visual-editor/editor/css/images/ul3_f_white.png]
[apps/wp-content/plugins/thrive-visual-editor/editor/css/images/ul4_f_white.png]
[apps/wp-content/plugins/thrive-visual-editor/editor/css/images/ul5_f_white.png]
[apps/wp-content/plugins/thrive-visual-editor/editor/css/images/ul6_f_white.png]
[apps/wp-content/plugins/thrive-visual-editor/editor/css/images/ul7_f_white.png]
[apps/wp-content/plugins/thrive-visual-editor/editor/css/images/flat_sep2.png]
[apps/wp-content/plugins/thrive-visual-editor/editor/css/images/flat_sep3.png]
[apps/wp-content/plugins/thrive-visual-editor/editor/css/images/flat_sep4.png]
[apps/wp-content/plugins/thrive-visual-editor/editor/css/images/toggle_closed.png]
[apps/wp-content/plugins/thrive-visual-editor/editor/css/images/tw.png]
[apps/wp-content/plugins/thrive-visual-editor/editor/css/thrive_flata19e.css]
[apps/wp-content/themes/clean-grid/style.css]
[apps/wp-content/themes/clean-grid/assets/fonts/fontawesome-webfont3e6e.eot]
[apps/wp-content/themes/clean-grid/assets/fonts/fontawesome-webfontd41d.eot]
[apps/wp-content/themes/clean-grid/assets/fonts/fontawesome-webfont3e6e.woff2]
[apps/wp-content/themes/clean-grid/assets/fonts/fontawesome-webfont3e6e.woff]
[apps/wp-content/themes/clean-grid/assets/fonts/fontawesome-webfont3e6e.ttf]
[apps/wp-content/themes/clean-grid/assets/css/font-awesome.min.css]
[apps/cash-app-rewards/index.html]
[apps/wp-content/themes/clean-grid/assets/fonts/fontawesome-webfont3e6e.svg]
[apps/wp-json/wp/v2/pages/760.json]
[apps/wp-json/oembed/1.0/embed9297.json]
[apps/wp-json/oembed/1.0/embedaef3]
[apps/privacy/index.html]
[apps/wp-json/wp/v2/pages/83.json]
[apps/contact/feed/index.html]
[apps/wp-json/oembed/1.0/embed762d.json]
[apps/wp-json/oembed/1.0/embed2c4d]
[apps/wp-includes/js/comment-reply.minc8d8.js]
[apps/contact/index.html]
[d13pxqgp3ixdbh.cloudfront.net/uploads/1619110287405951c86f8890d586b276a9f53e6824.jpg]
[cdn.jsdelivr.net/gh/iDevMore/FRT/fortnite/app4.css]
[cdn.jsdelivr.net/gh/iDevMore/FRT/fortnite/app4.js]
[d13nu0oomnx5ti.cloudfront.net/3J0DGT.js]
[apps/fortnite/index.html]
[apps/wp-content/uploads/2021/10/google.png]
[apps/wp-json/wp/v2/posts/1327.json]
[apps/free-google-play-gift-card/feed/index.html]
[apps/wp-json/oembed/1.0/embedd678.json]
[apps/wp-json/oembed/1.0/embedbe92]
[apps/code/free-google-play-gift-cards.html]
[apps/wp-content/uploads/tcb_content_templates/testimonial/images/smart_lead_gen1_testimonial_6a.jpg]
[apps/wp-content/uploads/tcb_content_templates/testimonial/images/smart_lead_gen1_testimonial_3.jpg]
[apps/free-google-play-gift-card/index.html]
[apps/wp-content/uploads/2021/10/Google-1.png]
[apps/wp-json/wp/v2/posts/1317.json]
[apps/wp-json/oembed/1.0/embed69ab.json]
[apps/league-of-legends/feed/index.html]
[apps/wp-json/oembed/1.0/embedc7f8]
[apps/wp-content/uploads/2022/01/6a7b7-16039987357030-800.jpg]
[apps/league-of-legends/index.html]
[apps/wp-json/wp/v2/pages/1299.json]
[apps/wp-json/oembed/1.0/embed5cc3.json]
[apps/wp-json/oembed/1.0/embedfad7]
[apps/code/free-paypal-gift-cards.html]
[apps/how-to-get-free-paypal-money/index.html]
[apps/wp-content/uploads/2021/09/Untitled-1-1.png]
[apps/free-amazon-gift-card/feed/index.html]
[apps/wp-json/wp/v2/posts/1285.json]
[apps/wp-json/oembed/1.0/embedfabb.json]
[apps/wp-json/oembed/1.0/embeddc09]
[apps/code/free-amazon-gift-cards.html]
[apps/wp-content/uploads/2021/09/Untitled-1.png]
[apps/free-amazon-gift-card/index.html]
[apps/wp-content/plugins/thrive-visual-editor/landing-page/templates/css/basea19e.css]
[apps/wp-json/wp/v2/pages/1246.json]
[apps/wp-json/oembed/1.0/embed927a.json]
[apps/wp-json/oembed/1.0/embedb323]
[apps/wp-content/uploads/2021/09/7d395d_6702bd20410d45e1bf2547eec9a4f461_mv2.gif]
[apps/cash-app/index.html]
[apps/wp-content/uploads/2021/10/XBOX-Gift-Card.png]
[apps/wp-json/wp/v2/posts/816]
[apps/wp-json/oembed/1.0/embedd56d.json]
[apps/how-to-get-free-xbox-gift-cards/feed/index.html]
[apps/wp-json/oembed/1.0/embed872f]
[apps/code/free-xbox-gift-cards.html]
[lp-build.thrivethemes.com/wp-content/uploads/2019/12/smart_lead_gen1_testimonial_6a.jpg]
[lp-build.thrivethemes.com/wp-content/uploads/2019/11/smart_lead_gen1_testimonial_3.jpg]
[apps/c/free-paypal-gift-cards.html]
[apps/wp-content/uploads/2021/04/paypal-gift-card.jpg]
[apps/c/free-itunes-gift-cards.html]
[apps/wp-content/uploads/2021/04/itunes-gift-card.jpg]
[apps/c/free-spotify-gift-cards.html]
[apps/wp-content/uploads/2021/04/Spotify-Gift-Card.jpg]
[apps/how-to-get-free-xbox-gift-cards/index.html]
[apps/wp-content/uploads/2021/10/ebay-gift-card-code.png]
[apps/wp-json/wp/v2/posts/813.json]
[apps/how-to-get-free-ebay-gift-card-codes/feed/index.html]
[apps/wp-json/oembed/1.0/embedfa7e.json]
[apps/wp-json/oembed/1.0/embed9705]
[apps/c/free-ebay-gift-cards.html]
[lp-build.thrivethemes.com/wp-content/uploads/2017/10/s7c_image2.png]
[lp-build.thrivethemes.com/wp-content/uploads/2017/10/s7b_image4.png]
[apps/wp-content/uploads/2021/04/Amazon-gift-card.jpg]
[apps/code/free-walmart-gift-cards.html]
[apps/wp-content/uploads/2021/04/worlmat-gift-card.jpg]
[apps/c/free-roblox-gift-cards.html]
[apps/wp-content/uploads/2021/04/roblox-gift-cards.jpg]
[apps/how-to-get-free-ebay-gift-card-codes/index.html]
[apps/wp-content/uploads/2021/10/itunes-gift-card.png]
[apps/wp-json/wp/v2/posts/807.json]
[apps/free-itunes-gift-card/feed/index.html]
[apps/wp-json/oembed/1.0/embed0c98.json]
[apps/wp-json/oembed/1.0/embed68ae]
[apps/code/free-itunes-gift-cards.html]
[lp-build.thrivethemes.com/wp-content/uploads/2019/04/Agency_testimonial2_03.jpg]
[lp-build.thrivethemes.com/wp-content/uploads/2019/11/smart_lead_gen1_testimonial_6a.jpg]
[lp-build.thrivethemes.com/wp-content/uploads/2019/11/smart_lead_gen1_testimonial_4.jpg]
[apps/wp-content/uploads/2021/04/paysafe-gift-card.jpg]
[apps/free-itunes-gift-card/index.html]
[apps/wp-content/uploads/2021/10/Spotify-Gift-Card.png]
[apps/wp-json/wp/v2/posts/804.json]
[apps/spotify-gift-card/feed/index.html]
[apps/wp-json/oembed/1.0/embed4696.json]
[apps/wp-json/oembed/1.0/embed2608]
[apps/code/free-spotify-gift-cards.html]
[apps/wp-content/uploads/tcb_content_templates/testimonial/images/bright-author-guy-200.jpg]
[apps/c/free-xbox-gift-cards.html]
[apps/wp-content/uploads/2021/04/XBOX-Gift-Card.jpg]
[apps/spotify-gift-card/index.html]
[apps/wp-json/wp/v2/posts/801.json]
[apps/free-steam-gift-card/feed/index.html]
[apps/wp-json/oembed/1.0/embed8499.json]
[apps/wp-json/oembed/1.0/embeda14d]
[apps/code/free-steam-gift-cards.html]
[apps/c/free-nike-gift-cards.html]
[apps/wp-content/uploads/2021/04/nike-gift-cards.jpg]
[apps/c/free-uber-gift-cards.html]
[apps/wp-content/uploads/2021/04/uber-eats-gift-card.jpg]
[apps/free-steam-gift-card/index.html]
[apps/wp-content/uploads/2021/10/nike-gift-cards.png]
[apps/free-nike-gift-card/feed/index.html]
[apps/wp-json/wp/v2/posts/798.json]
[apps/wp-json/oembed/1.0/embed8839.json]
[apps/wp-json/oembed/1.0/embed7c96]
[apps/wp-content/uploads/2021/04/ebay-gift-card-code.jpg]
[apps/free-nike-gift-card/index.html]
[apps/wp-content/uploads/2021/10/uber-eats-gift-card.png]
[apps/wp-json/wp/v2/posts/794.json]
[apps/free-uber-gift-cards/feed/index.html]
[apps/wp-json/oembed/1.0/embed7275.json]
[apps/wp-json/oembed/1.0/embedc7f7]
[apps/code/free-ubereats-gift-cards.html]
[apps/c/free-mcdonalds-gift-cards.html]
[apps/wp-content/uploads/2021/04/mcdonalds-gift-card.jpg]
[apps/free-uber-gift-cards/index.html]
[apps/wp-content/uploads/2021/10/paysafe-gift-card.png]
[apps/wp-json/wp/v2/posts/791.json]
[apps/wp-json/oembed/1.0/embed6734.json]
[apps/paysafe-gift-card/feed/index.html]
[apps/wp-json/oembed/1.0/embedba7f]
[apps/c/free-paysafe-gift-cards.html]
[lp-build.thrivethemes.com/wp-content/uploads/2017/09/s7c_image2.png]
[lp-build.thrivethemes.com/wp-content/uploads/2017/10/s7c_image1.png]
[apps/wp-content/uploads/2021/04/google-play-gift-card.jpg]
[apps/wp-content/uploads/2021/04/netflix-gift-card.jpg]
[apps/paysafe-gift-card/index.html]
[apps/wp-json/wp/v2/posts/788.json]
[apps/free-play-station-gift-card/feed/index.html]
[apps/wp-json/oembed/1.0/embed42e7.json]
[apps/wp-json/oembed/1.0/embedafcd]
[apps/code/free-playstation-store-gift-cards.html]
[lp-build.thrivethemes.com/wp-content/uploads/2019/07/Smart_Consultation_testimonial2_03.jpg]
[lp-build.thrivethemes.com/wp-content/uploads/2019/11/smart_lead_gen1_testimonial_5-1.jpg]
[apps/free-play-station-gift-card/index.html]
[apps/wp-content/uploads/2021/10/roblox-gift-cards.png]
[apps/roblox-gift-cards/feed/index.html]
[apps/wp-json/wp/v2/posts/777.json]
[apps/wp-json/oembed/1.0/embed0d8f.json]
[apps/wp-json/oembed/1.0/embed188f]
[apps/roblox-gift-cards/index.html]
[apps/wp-content/uploads/2021/10/netflix-gift-card.png]
[apps/wp-json/wp/v2/posts/709.json]
[apps/netflix-gift-card/feed/index.html]
[apps/wp-json/oembed/1.0/embed3000.json]
[apps/wp-json/oembed/1.0/embed9b92]
[apps/netflix-gift-card/index.html]
[apps/wp-content/uploads/2021/10/mcdonalds-gift-card.png]
[apps/wp-json/wp/v2/posts/700.json]
[apps/free-mcdonalds-gift-card/feed/index.html]
[apps/wp-json/oembed/1.0/embed762f.json]
[apps/wp-json/oembed/1.0/embedcef0]
[apps/free-mcdonalds-gift-card/index.html]
[apps/wp-content/uploads/2021/10/worlmat-gift-card.jpg]
[apps/wp-json/wp/v2/posts/694.json]
[apps/walmart-gift-card/feed/index.html]
[apps/wp-json/oembed/1.0/embed3a1a.json]
[apps/wp-json/oembed/1.0/embed1675]
[apps/walmart-gift-card/index.html]
[apps/wp-json/wp/v2/posts/686.json]
[apps/free-nintendo-eshop-codes/feed/index.html]
[apps/wp-json/oembed/1.0/embed5586.json]
[apps/wp-json/oembed/1.0/embed53f4]
[apps/code/free-eshop-gift-cards.html]
[apps/wp-content/uploads/2021/03/h-2.jpg]
[apps/free-nintendo-eshop-codes/index.html]
[apps/wp-content/plugins/thrive-visual-editor/editor/css/images/spinner.svg]
[apps/wp-content/themes/clean-grid/assets/fonts/fontawesome-webfont3e6e.svg]
[apps/index1c40.html]
[apps/index55e4.html]
[cdn.jsdelivr.net/gh/iDevMore/FRT/fortnite/fortnite.woff]
[cdn.jsdelivr.net/gh/iDevMore/FRT/fortnite/app4.css]
[d13pxqgp3ixdbh.cloudfront.net/uploads/assets/14859274931dd77b79350953c8e835afaced491210.js]
[apps/index164e.html]
[apps/code/favicon.html]
[apps/code/favicon-32x32.html]
[apps/code/favicon-16x16.html]
[apps/code/resopurces/meta.html]
[apps/code/resources/stylesV2.css]
[apps/code/index-2.html]
[apps/code/free-roblox-gift-cards.html]
[apps/code/resources/jquery.js]
[apps/code/free-google-play-gift-cards.html]
[apps/index1e59.html]
[apps/indexd201.html]
[apps/code/resources/pluginsV2.js]
[pagead2.googlesyndication.com/pagead/js/f.txt]
[apps/code/free-paypal-gift-cards.html]
[apps/index78a2.html]
[apps/code/free-amazon-gift-cards.html]
[apps/wp-content/plugins/thrive-visual-editor/landing-page/templates/css/basea19e.css]
[apps/index00ab.html]
[apps/indexe5c7.html]
[apps/code/free-xbox-gift-cards.html]
[apps/c/favicon.html]
[apps/c/favicon-32x32.html]
[apps/c/favicon-16x16.html]
[apps/c/resopurces/meta.html]
[apps/c/resources/stylesV2.css]
[apps/c/index-2.html]
[apps/c/free-google-play-gift-cards.html]
[apps/c/free-steam-gift-cards.html]
[apps/c/free-playstation-store-gift-cards.html]
[apps/c/free-amazon-gift-cards.html]
[apps/c/free-eshop-gift-cards.html]
[apps/c/resources/jquery.js]
[apps/c/free-paypal-gift-cards.html]
[apps/c/free-itunes-gift-cards.html]
[apps/c/free-spotify-gift-cards.html]
[apps/index9ab8.html]
[apps/c/free-ebay-gift-cards.html]
[apps/code/free-walmart-gift-cards.html]
[apps/c/free-roblox-gift-cards.html]
[apps/index0d13.html]
[apps/code/free-itunes-gift-cards.html]
[apps/index60e8.html]
[apps/code/free-spotify-gift-cards.html]
[apps/c/free-xbox-gift-cards.html]
[apps/indexa013.html]
[apps/code/free-steam-gift-cards.html]
[apps/c/resources/pluginsV2.js]
[apps/c/free-sephora-gift-cards.html]
[apps/c/free-nike-gift-cards.html]
[apps/c/free-uber-gift-cards.html]
[apps/index8ae4.html]
[apps/index3b2d.html]
[apps/code/free-ubereats-gift-cards.html]
[apps/c/free-mcdonalds-gift-cards.html]
[apps/index106b.html]
[apps/c/free-paysafe-gift-cards.html]
[apps/indexc2d1.html]
[apps/code/free-playstation-store-gift-cards.html]
[apps/indexf9b5.html]
[apps/indexc344.html]
[apps/index39c5.html]
[apps/index21fd.html]
[apps/index3f66.html]
[apps/code/free-paysafe-gift-cards.html]
[apps/code/free-eshop-gift-cards.html]
[apps/code/favicon.html]
[apps/code/favicon-32x32.html]
[apps/code/favicon-16x16.html]
[apps/code/resopurces/meta.html]
[apps/code/resources/logo.png]
[apps/code/resources/cards.svg]
[apps/code/resources/eshop-card.png]
[apps/code/resources/ubereats-card.png]
[apps/code/resources/airbnb-card.png]
[apps/code/resources/forever21-card.png]
[apps/code/resources/victoriasecret-card.png]
[apps/code/resources/starbucks-card.png]
[apps/code/resources/bathandbody-card.png]
[apps/code/resources/udemy-card.png]
[apps/code/resources/walmart-card.png]
[apps/code/resources/etsy-card.png]
[apps/code/resources/wish-card.png]
[apps/code/resources/pizzahut-card.png]
[apps/code/resources/ulta-card.png]
[apps/code/resources/target-card.png]
[apps/code/resources/aliexpress-card.png]
[apps/code/resources/asos-card.png]
[apps/code/resources/eshop.png]
[apps/code/resources/ubereats.png]
[apps/code/resources/airbnb.png]
[apps/code/resources/forever21.png]
[apps/code/resources/victoriasecret.png]
[apps/code/resources/starbucks.png]
[apps/code/resources/bathandbody.png]
[apps/code/resources/udemy.png]
[apps/code/resources/walmart.png]
[apps/code/resources/etsy.png]
[apps/code/resources/wish.png]
[apps/code/resources/pizzahut.png]
[apps/code/resources/ulta.png]
[apps/code/resources/target.png]
[apps/code/resources/aliexpress.png]
[apps/code/resources/asos.png]
[apps/code/resources/stylesV2.css]
[apps/code/free-airbnb-gift-cards.html]
[apps/code/free-forever21-gift-cards.html]
[apps/code/free-victoriasecret-gift-cards.html]
[apps/code/free-starbucks-gift-cards.html]
[apps/code/free-bathandbody-gift-cards.html]
[apps/code/free-udemy-gift-cards.html]
[apps/code/free-etsy-gift-cards.html]
[apps/code/free-wish-gift-cards.html]
[apps/code/free-pizzahut-gift-cards.html]
[apps/code/free-ulta-gift-cards.html]
[apps/code/free-target-gift-cards.html]
[apps/code/free-aliexpress-gift-cards.html]
[apps/code/free-asos-gift-cards.html]
[apps/code/index-2.html]
[apps/code/free-roblox-gift-cards.html]
[apps/c/favicon.html]
[apps/c/favicon-32x32.html]
[apps/c/favicon-16x16.html]
[apps/c/resopurces/meta.html]
[apps/c/resources/logo.png]
[apps/c/resources/cards.svg]
[apps/c/resources/roblox-card.png]
[apps/c/resources/paysafe-card.png]
[apps/c/resources/eshop-card.png]
[apps/c/resources/nike-card.png]
[apps/c/resources/uber-card.png]
[apps/c/resources/sephora-card.png]
[apps/c/resources/mcdonalds-card.png]
[apps/c/resources/hbo-card.png]
[apps/c/resources/lowes-card.png]
[apps/c/resources/fashionnova-card.png]
[apps/c/resources/hulu-card.png]
[apps/c/resources/ebay-card.png]
[apps/c/resources/hm-card.png]
[apps/c/resources/roblox.png]
[apps/c/resources/paysafe.png]
[apps/c/resources/eshop.png]
[apps/c/resources/nike.png]
[apps/c/resources/uber.png]
[apps/c/resources/sephora.png]
[apps/c/resources/mcdonalds.png]
[apps/c/resources/hbo.png]
[apps/c/resources/lowes.png]
[apps/c/resources/fashionnova.png]
[apps/c/resources/hulu.png]
[apps/c/resources/ebay.png]
[apps/c/resources/hm.png]
[apps/c/resources/stylesV2.css]
[apps/c/free-hbo-gift-cards.html]
[apps/c/free-lowes-gift-cards.html]
[apps/c/free-fashionnova-gift-cards.html]
[apps/c/free-hulu-gift-cards.html]
[apps/c/free-hm-gift-cards.html]
[apps/c/index-2.html]
[apps/c/free-google-play-gift-cards.html]
[apps/c/free-steam-gift-cards.html]
[apps/c/free-playstation-store-gift-cards.html]
[apps/c/free-amazon-gift-cards.html]
[apps/c/free-eshop-gift-cards.html]
[apps/c/free-sephora-gift-cards.html]
[apps/code/free-paysafe-gift-cards.html]
[apps/code/resources/cards.svg]
[apps/code/free-airbnb-gift-cards.html]
[apps/code/free-forever21-gift-cards.html]
[apps/code/free-victoriasecret-gift-cards.html]
[apps/code/free-starbucks-gift-cards.html]
[apps/code/free-bathandbody-gift-cards.html]
[apps/code/free-udemy-gift-cards.html]
[apps/code/free-etsy-gift-cards.html]
[apps/code/free-wish-gift-cards.html]
[apps/code/free-pizzahut-gift-cards.html]
[apps/code/free-ulta-gift-cards.html]
[apps/code/free-target-gift-cards.html]
[apps/code/free-aliexpress-gift-cards.html]
[apps/code/free-asos-gift-cards.html]
[apps/c/resources/cards.svg]
[apps/c/free-hbo-gift-cards.html]
[apps/c/free-lowes-gift-cards.html]
[apps/c/free-fashionnova-gift-cards.html]
[apps/c/free-hulu-gift-cards.html]
[apps/c/free-hm-gift-cards.html]
